pi@rpi-zero:~ $ ./ground_rover_daemon 
[00000.352] MAVLink rover daemon started
[00001.691] rx: MAVLINK_MSG_ID_COMMAND_LONG(76): MAV_CMD_REQUEST_MESSAGE(512): msg_id=148
[00001.693] tx: MAVLINK_MSG_ID_AUTOPILOT_VERSION(148): capabilities=0x000000000000200C
[00001.694] rx: MAVLINK_MSG_ID_COMMAND_LONG(76): camera command(521)
[00001.694] tx: CAMERA_INFORMATION(259) — no capabilities
[00001.710] rx: MAVLINK_MSG_ID_COMMAND_LONG(76): MAV_CMD_REQUEST_MESSAGE(512): msg_id=300
[00001.710] tx: MAVLINK_MSG_ID_PROTOCOL_VERSION(300): version=200
[00001.728] rx: MAVLINK_MSG_ID_COMMAND_LONG(76): MAV_CMD_REQUEST_MESSAGE(512): msg_id=435
[00001.728] tx: MAVLINK_MSG_ID_AVAILABLE_MODES(435) mode 1/2: HOLD
[00001.745] rx: MAVLINK_MSG_ID_COMMAND_LONG(76): MAV_CMD_REQUEST_MESSAGE(512): msg_id=435
[00001.745] tx: MAVLINK_MSG_ID_AVAILABLE_MODES(435) mode 2/2: MANUAL
[00001.765] rx: MAVLINK_MSG_ID_PARAM_REQUEST_LIST(21) received target=1:0
[00001.765] tx: MAVLINK_MSG_ID_PARAM_VALUE(22): DUMMY_P1=0.00 (1/3)
[00001.765] tx: MAVLINK_MSG_ID_PARAM_VALUE(22): DUMMY_P2=0.00 (2/3)
[00001.765] tx: MAVLINK_MSG_ID_PARAM_VALUE(22): DUMMY_P3=0.00 (3/3)
[00001.769] rx: MAVLINK_MSG_ID_SYSTEM_TIME(2): time_unix_usec=1774347691793000 time_boot_ms=0
[00001.769] rx: MAVLINK_MSG_ID_SYSTEM_TIME(2): time_unix_usec=1774347691793000 time_boot_ms=0
[00001.771] rx: MAVLINK_MSG_ID_MISSION_REQUEST_LIST(43): target=1:1
[00001.771] tx: MAVLINK_MSG_ID_MISSION_COUNT(44): 0
[00001.776] rx: MAVLINK_MSG_ID_MISSION_ACK(47): target=1:1 type=0
[00002.215] rx: MAVLINK_MSG_ID_COMMAND_LONG(76): MAV_CMD_REQUEST_MESSAGE(512): msg_id=260
[00002.215] tx: CAMERA_SETTINGS(260)
[00003.260] rx: MAVLINK_MSG_ID_COMMAND_LONG(76): MAV_CMD_REQUEST_MESSAGE(512): msg_id=262
[00003.260] tx: CAMERA_CAPTURE_STATUS(262)
[00003.685] rx: MAVLINK_MSG_ID_COMMAND_LONG(76): MAV_CMD_REQUEST_MESSAGE(512): msg_id=261
[00003.685] tx: STORAGE_INFORMATION(261)
[00011.671] rx: MAVLINK_MSG_ID_COMMAND_LONG(76): MAV_CMD_COMPONENT_ARM_DISARM(400): Arm=1
[00011.671] [motors] armed — driver enabled (STBY HIGH)
[00026.961] rx: MAVLINK_MSG_ID_COMMAND_LONG(76): MAV_CMD_COMPONENT_ARM_DISARM(400): Arm=0
[00026.961] [motors] disarmed — driver released (STBY LOW)
[00031.157] *rx: MC(69) x=    0 y=    0 z=    0 r=    0 btn=0x00 | A:IN=00 PWM=  0% | B:IN=00 PWM=  0% | STBY=L^C
[signal] SIGINT received — shutting down